{
  "exclude_regex": null,
  "generated_at": "2019-04-24T15:52:57Z",
  "plugins_used": [
    {
      "name": "AWSKeyDetector"
    },
    {
      "name": "BasicAuthDetector"
    },
    {
      "name": "PrivateKeyDetector"
    },
    {
      "name": "SlackDetector"
    }
  ],
  "results": {},
  "version": "0.11.4-ibm.2"
}
